2025-05-24 18:59:53,500 - __main__ - INFO - Creating final production submission...
2025-05-24 18:59:53,819 - __main__ - INFO - Loaded production config with 77 features
2025-05-24 18:59:53,819 - __main__ - INFO - Expected performance - RMSLE: 0.4248
2025-05-24 18:59:53,819 - __main__ - INFO - Training production model...
2025-05-24 18:59:53,819 - __main__ - INFO - Creating enhanced features...
2025-05-24 19:01:56,997 - __main__ - INFO - Created features. Shape: (456548, 78)
2025-05-24 19:01:57,649 - __main__ - WARNING - Missing features: ['cuisine_Thai', 'cuisine_Continental', 'category_Beverages', 'category_Biryani', 'category_Rice Bowl', 'category_Soup', 'cuisine_Indian', 'category_Starters', 'category_Pizza', 'category_Other Snacks', 'cuisine_Italian', 'center_type_TYPE_C', 'category_Pasta', 'center_type_TYPE_A', 'category_Fish', 'category_Extras', 'category_Salad', 'category_Sandwich', 'center_type_TYPE_B', 'category_Desert', 'category_Seafood']
2025-05-24 19:01:57,683 - __main__ - INFO - Training with 56 features on 456548 samples
2025-05-24 19:02:00,666 - __main__ - INFO - Model trained successfully in 126.85s
2025-05-24 19:02:00,666 - __main__ - INFO - Training RMSLE: 0.0769
2025-05-24 19:02:00,704 - __main__ - INFO - Training completed: {'training_time': 126.846321, 'train_rmse': np.float64(22.665699951589843), 'train_mae': 7.0358924481391725, 'train_rmsle': np.float64(0.07685662354188459), 'features_used': 56, 'samples_trained': 456548}
2025-05-24 19:02:00,709 - __main__ - INFO - Validating model performance...
2025-05-24 19:02:00,710 - __main__ - INFO - Creating enhanced features...
2025-05-24 19:02:24,385 - __main__ - INFO - Created features. Shape: (45655, 78)
2025-05-24 19:02:24,487 - __main__ - INFO - Validation RMSLE: 0.0808 (Expected: 0.4248)
2025-05-24 19:02:24,491 - __main__ - INFO - Validation results: {'validation_rmse': np.float64(68.0775981180384), 'validation_mae': 8.426527356511633, 'validation_rmsle': np.float64(0.08082215992854841), 'validation_samples': 45655}
2025-05-24 19:02:24,491 - __main__ - INFO - Making predictions...
2025-05-24 19:02:24,491 - __main__ - INFO - Creating enhanced features...
2025-05-24 19:02:27,088 - __main__ - INFO - Created features. Shape: (32573, 32)
2025-05-24 19:11:58,293 - __main__ - INFO - Creating final production submission...
2025-05-24 19:11:58,607 - __main__ - INFO - Loaded production config with 77 features
2025-05-24 19:11:58,607 - __main__ - INFO - Expected performance - RMSLE: 0.4248
2025-05-24 19:11:58,607 - __main__ - INFO - Training production model...
2025-05-24 19:11:58,608 - __main__ - INFO - Creating enhanced features...
2025-05-24 19:14:03,351 - __main__ - INFO - Created features. Shape: (456548, 99)
2025-05-24 19:14:04,281 - __main__ - INFO - Training with 77 features on 456548 samples
2025-05-24 19:14:07,113 - __main__ - INFO - Model trained successfully in 128.51s
2025-05-24 19:14:07,113 - __main__ - INFO - Training RMSLE: 0.0818
2025-05-24 19:14:07,163 - __main__ - INFO - Training completed: {'training_time': 128.505242, 'train_rmse': np.float64(25.43920424618049), 'train_mae': 7.219339923313378, 'train_rmsle': np.float64(0.08178345203512485), 'features_used': 77, 'samples_trained': 456548}
2025-05-24 19:14:07,163 - __main__ - INFO - Making predictions...
2025-05-24 19:14:07,163 - __main__ - INFO - Creating enhanced features...
2025-05-24 19:14:09,909 - __main__ - INFO - Created features. Shape: (32573, 98)
2025-05-24 19:14:09,962 - __main__ - INFO - Made 32573 predictions
2025-05-24 19:14:09,962 - __main__ - INFO - Prediction range: 15.56 - 2580.35
2025-05-24 19:14:09,962 - __main__ - INFO - Mean prediction: 262.66
2025-05-24 19:14:10,015 - __main__ - INFO - Final production submission saved to final_production_submission.csv
2025-05-24 19:14:10,087 - __main__ - INFO - Model saved to final_production_model.pkl
